###############################################################################
#
# IAR ELF Linker V8.11.3.13950/W32 for ARM                31/Oct/2017  21:52:47
# Copyright 2007-2017 IAR Systems AB.
#
#    Output file  =  
#        C:\Users\Administrator\Desktop\cutting_table_profiling\CTP_STM32F103RC_FOS£¨IAR£©\Debug\Exe\Demo.out
#    Map file     =  
#        C:\Users\Administrator\Desktop\cutting_table_profiling\CTP_STM32F103RC_FOS£¨IAR£©\Debug\List\Demo.map
#    Command line =  
#        -f C:\Users\ADMINI~1\AppData\Local\Temp\EW44EC.tmp
#        (C:\Users\Administrator\Desktop\cutting_table_profiling\CTP_STM32F103RC_FOS£¨IAR£©\Debug\Obj\adc.o
#        C:\Users\Administrator\Desktop\cutting_table_profiling\CTP_STM32F103RC_FOS£¨IAR£©\Debug\Obj\app_task.o
#        C:\Users\Administrator\Desktop\cutting_table_profiling\CTP_STM32F103RC_FOS£¨IAR£©\Debug\Obj\bsp.o
#        C:\Users\Administrator\Desktop\cutting_table_profiling\CTP_STM32F103RC_FOS£¨IAR£©\Debug\Obj\can.o
#        C:\Users\Administrator\Desktop\cutting_table_profiling\CTP_STM32F103RC_FOS£¨IAR£©\Debug\Obj\croutine.o
#        C:\Users\Administrator\Desktop\cutting_table_profiling\CTP_STM32F103RC_FOS£¨IAR£©\Debug\Obj\CSB.o
#        C:\Users\Administrator\Desktop\cutting_table_profiling\CTP_STM32F103RC_FOS£¨IAR£©\Debug\Obj\event_groups.o
#        C:\Users\Administrator\Desktop\cutting_table_profiling\CTP_STM32F103RC_FOS£¨IAR£©\Debug\Obj\heap_4.o
#        C:\Users\Administrator\Desktop\cutting_table_profiling\CTP_STM32F103RC_FOS£¨IAR£©\Debug\Obj\list.o
#        C:\Users\Administrator\Desktop\cutting_table_profiling\CTP_STM32F103RC_FOS£¨IAR£©\Debug\Obj\main.o
#        C:\Users\Administrator\Desktop\cutting_table_profiling\CTP_STM32F103RC_FOS£¨IAR£©\Debug\Obj\misc.o
#        C:\Users\Administrator\Desktop\cutting_table_profiling\CTP_STM32F103RC_FOS£¨IAR£©\Debug\Obj\PID.o
#        C:\Users\Administrator\Desktop\cutting_table_profiling\CTP_STM32F103RC_FOS£¨IAR£©\Debug\Obj\port.o
#        C:\Users\Administrator\Desktop\cutting_table_profiling\CTP_STM32F103RC_FOS£¨IAR£©\Debug\Obj\portasm.o
#        C:\Users\Administrator\Desktop\cutting_table_profiling\CTP_STM32F103RC_FOS£¨IAR£©\Debug\Obj\queue.o
#        C:\Users\Administrator\Desktop\cutting_table_profiling\CTP_STM32F103RC_FOS£¨IAR£©\Debug\Obj\startup_stm32f10x_hd.o
#        C:\Users\Administrator\Desktop\cutting_table_profiling\CTP_STM32F103RC_FOS£¨IAR£©\Debug\Obj\stm32f10x_adc.o
#        C:\Users\Administrator\Desktop\cutting_table_profiling\CTP_STM32F103RC_FOS£¨IAR£©\Debug\Obj\stm32f10x_can.o
#        C:\Users\Administrator\Desktop\cutting_table_profiling\CTP_STM32F103RC_FOS£¨IAR£©\Debug\Obj\stm32f10x_dma.o
#        C:\Users\Administrator\Desktop\cutting_table_profiling\CTP_STM32F103RC_FOS£¨IAR£©\Debug\Obj\stm32f10x_exti.o
#        C:\Users\Administrator\Desktop\cutting_table_profiling\CTP_STM32F103RC_FOS£¨IAR£©\Debug\Obj\stm32f10x_gpio.o
#        C:\Users\Administrator\Desktop\cutting_table_profiling\CTP_STM32F103RC_FOS£¨IAR£©\Debug\Obj\stm32f10x_it.o
#        C:\Users\Administrator\Desktop\cutting_table_profiling\CTP_STM32F103RC_FOS£¨IAR£©\Debug\Obj\stm32f10x_rcc.o
#        C:\Users\Administrator\Desktop\cutting_table_profiling\CTP_STM32F103RC_FOS£¨IAR£©\Debug\Obj\stm32f10x_tim.o
#        C:\Users\Administrator\Desktop\cutting_table_profiling\CTP_STM32F103RC_FOS£¨IAR£©\Debug\Obj\stm32f10x_usart.o
#        C:\Users\Administrator\Desktop\cutting_table_profiling\CTP_STM32F103RC_FOS£¨IAR£©\Debug\Obj\stm32f10x_wwdg.o
#        C:\Users\Administrator\Desktop\cutting_table_profiling\CTP_STM32F103RC_FOS£¨IAR£©\Debug\Obj\system_stm32f10x.o
#        C:\Users\Administrator\Desktop\cutting_table_profiling\CTP_STM32F103RC_FOS£¨IAR£©\Debug\Obj\tasks.o
#        C:\Users\Administrator\Desktop\cutting_table_profiling\CTP_STM32F103RC_FOS£¨IAR£©\Debug\Obj\timer.o
#        C:\Users\Administrator\Desktop\cutting_table_profiling\CTP_STM32F103RC_FOS£¨IAR£©\Debug\Obj\timers.o
#        C:\Users\Administrator\Desktop\cutting_table_profiling\CTP_STM32F103RC_FOS£¨IAR£©\Debug\Obj\usart.o
#        -o
#        C:\Users\Administrator\Desktop\cutting_table_profiling\CTP_STM32F103RC_FOS£¨IAR£©\Debug\Exe\Demo.out
#        --map
#        C:\Users\Administrator\Desktop\cutting_table_profiling\CTP_STM32F103RC_FOS£¨IAR£©\Debug\List\Demo.map
#        --config
#        E:\StudySoft\IAR°²×°ÆÆ½â\arm\config\linker\ST\stm32f103xB.icf
#        --semihosting --entry __iar_program_start --vfe --text_out locale)
#
###############################################################################

*******************************************************************************
*** RUNTIME MODEL ATTRIBUTES
***

CppFlavor       = *
__SystemLibrary = DLib
__dlib_version  = 6


*******************************************************************************
*** HEAP SELECTION
***

The basic heap was selected because no calls to memory allocation
functions were found in the application outside of system library
functions, and there are calls to deallocation functions in the
application.


*******************************************************************************
*** PLACEMENT SUMMARY
***

"A0":  place at 0x08000000 { ro section .intvec };
"P1":  place in [from 0x08000000 to 0x0801ffff] { ro };
define block CSTACK with size = 2K, alignment = 8 { };
define block HEAP with size = 2K, alignment = 8 { };
"P2":  place in [from 0x20000000 to 0x20004fff] {
          rw, block CSTACK, block HEAP };
initialize by copy { rw };

  Section            Kind        Address    Size  Object
  -------            ----        -------    ----  ------
"A0":                                      0x130
  .intvec            ro code  0x08000000   0x130  startup_stm32f10x_hd.o [1]
                            - 0x08000130   0x130

"P1":                                     0x51f9
  .text              ro code  0x08000130   0xc56  xprintflarge_nomb.o [3]
  .text              ro code  0x08000d88    0x16  strchr.o [5]
  .text              ro code  0x08000da0    0x44  xfail_s.o [3]
  .text              ro code  0x08000de4    0x36  strlen.o [5]
  .text              ro code  0x08000e1c    0x58  memchr.o [5]
  .text              ro code  0x08000e74    0xee  I64DivMod.o [5]
  .text              ro code  0x08000f64   0x1a2  DblMul.o [4]
  .text              ro code  0x08001108    0xa6  ABImemcpy.o [5]
  .text              ro code  0x080011b0    0x70  frexp.o [4]
  .text              ro code  0x08001220    0x2e  DblCmpLe.o [4]
  .text              ro code  0x08001250   0x246  DblDiv.o [4]
  .text              ro code  0x08001498    0x28  DblToU32.o [4]
  .text              ro code  0x080014c0    0x1a  U32ToDbl.o [4]
  .text              ro code  0x080014dc    0xe2  DblSub.o [4]
  .text              ro code  0x080015c0     0x8  xlocale_c.o [3]
  .text              ro code  0x080015c8     0x6  abort.o [3]
  .text              ro code  0x080015d0     0x2  I64DivZer.o [5]
  .text              ro code  0x080015d4   0x178  DblAdd.o [4]
  .text              ro code  0x0800174c    0x14  exit.o [6]
  .text              ro code  0x08001760   0x880  tasks.o [1]
  .text              ro code  0x08001fe0   0x25c  heap_4.o [1]
  .text              ro code  0x0800223c    0x98  list.o [1]
  .text              ro code  0x080022d4   0x19c  port.o [1]
  CODE               ro code  0x08002470    0x88  portasm.o [1]
  .text              ro code  0x080024f8   0x518  queue.o [1]
  .text              ro code  0x08002a10   0x4fc  stm32f10x_can.o [1]
  .text              ro code  0x08002f0c   0x494  stm32f10x_tim.o [1]
  .text              ro code  0x080033a0   0x170  stm32f10x_rcc.o [1]
  .text              ro code  0x08003510   0x3d0  CSB.o [1]
  .text              ro code  0x080038e0   0x178  stm32f10x_gpio.o [1]
  .text              ro code  0x08003a58   0x1ac  timer.o [1]
  .text              ro code  0x08003c04    0x68  DblToFlt.o [4]
  .text              ro code  0x08003c6c    0xe2  FltAdd.o [4]
  .text              ro code  0x08003d50    0xfc  FltDiv.o [4]
  .text              ro code  0x08003e4c    0x24  FltCmpGe.o [4]
  .text              ro code  0x08003e70    0x1c  U32ToFlt.o [4]
  .text              ro code  0x08003e8c    0x24  FltCmpLe.o [4]
  .text              ro code  0x08003eb0    0x80  FltSub.o [4]
  .text              ro code  0x08003f30   0x240  app_task.o [1]
  .text              ro code  0x08004170    0x48  FltToDbl.o [4]
  .text              ro code  0x080041b8    0x28  printf.o [3]
  .text              ro code  0x080041e0    0xd8  FltMul.o [4]
  .text              ro code  0x080042b8    0x22  FltToU32.o [4]
  .text              ro code  0x080042dc    0xec  adc.o [1]
  .text              ro code  0x080043c8   0x1b8  PID.o [1]
  .text              ro code  0x08004580   0x1c8  can.o [1]
  .text              ro code  0x08004748   0x200  stm32f10x_adc.o [1]
  .text              ro code  0x08004948    0x2a  FltToS32.o [4]
  .text              ro code  0x08004972     0x8  abs.o [3]
  .text              ro code  0x0800497c   0x158  system_stm32f10x.o [1]
  .text              ro code  0x08004ad4   0x14e  stm32f10x_usart.o [1]
  .text              ro code  0x08004c24   0x14c  bsp.o [1]
  .text              ro code  0x08004d70    0x80  misc.o [1]
  .text              ro code  0x08004df0   0x108  main.o [1]
  .text              ro code  0x08004ef8    0xd8  usart.o [1]
  .text              ro code  0x08004fd0    0x40  zero_init3.o [5]
  .text              ro code  0x08005010    0x38  packbits_init_single.o [5]
  .text              ro code  0x08005048    0x28  data_init.o [5]
  .iar.init_table    const    0x08005070    0x20  - Linker created -
  .rodata            const    0x08005090    0x20  app_task.o [1]
  .rodata            const    0x080050b0    0x1c  app_task.o [1]
  .text              ro code  0x080050cc    0x1a  cmain.o [5]
  .text              ro code  0x080050e6     0x4  low_level_init.o [3]
  .text              ro code  0x080050ea     0x4  exit.o [3]
  .text              ro code  0x080050f0     0xa  cexit.o [5]
  .text              ro code  0x080050fa    0x16  xprout.o [3]
  .text              ro code  0x08005110     0xc  putchar.o [3]
  .rodata            const    0x0800511c    0x10  app_task.o [1]
  .rodata            const    0x0800512c    0x10  app_task.o [1]
  .text              ro code  0x0800513c    0x10  startup_stm32f10x_hd.o [1]
  .rodata            const    0x0800514c     0xc  PID.o [1]
  .text              ro code  0x08005158     0xc  stm32f10x_it.o [1]
  .text              ro code  0x08005164     0xc  cstartup_M.o [5]
  .rodata            const    0x08005170     0x8  app_task.o [1]
  .rodata            const    0x08005178     0x8  app_task.o [1]
  .rodata            const    0x08005180     0x8  app_task.o [1]
  .rodata            const    0x08005188     0x8  app_task.o [1]
  .rodata            const    0x08005190     0x8  main.o [1]
  .rodata            const    0x08005198     0x8  main.o [1]
  .rodata            const    0x080051a0     0x8  main.o [1]
  .rodata            const    0x080051a8     0x8  main.o [1]
  .rodata            const    0x080051b0     0x8  tasks.o [1]
  .rodata            const    0x080051b8     0x4  heap_4.o [1]
  .rodata            const    0x080051bc     0x4  xlocale_c.o [3]
  .text              ro code  0x080051c0     0x4  startup_stm32f10x_hd.o [1]
  .text              ro code  0x080051c4     0x4  startup_stm32f10x_hd.o [1]
  .text              ro code  0x080051c8     0x4  startup_stm32f10x_hd.o [1]
  .text              ro code  0x080051cc     0x4  startup_stm32f10x_hd.o [1]
  .text              ro code  0x080051d0     0x4  startup_stm32f10x_hd.o [1]
  .text              ro code  0x080051d4     0x4  startup_stm32f10x_hd.o [1]
  .text              ro code  0x080051d8     0x4  startup_stm32f10x_hd.o [1]
  .text              ro code  0x080051dc     0x4  startup_stm32f10x_hd.o [1]
  .text              ro code  0x080051e0     0x4  startup_stm32f10x_hd.o [1]
  .text              ro code  0x080051e4     0x4  startup_stm32f10x_hd.o [1]
  .text              ro code  0x080051e8     0x4  startup_stm32f10x_hd.o [1]
  .text              ro code  0x080051ec     0x4  startup_stm32f10x_hd.o [1]
  .text              ro code  0x080051f0     0x4  startup_stm32f10x_hd.o [1]
  .text              ro code  0x080051f4     0x4  startup_stm32f10x_hd.o [1]
  .text              ro code  0x080051f8     0x4  startup_stm32f10x_hd.o [1]
  .text              ro code  0x080051fc     0x4  startup_stm32f10x_hd.o [1]
  .text              ro code  0x08005200     0x4  startup_stm32f10x_hd.o [1]
  .text              ro code  0x08005204     0x4  startup_stm32f10x_hd.o [1]
  .text              ro code  0x08005208     0x4  startup_stm32f10x_hd.o [1]
  .text              ro code  0x0800520c     0x4  startup_stm32f10x_hd.o [1]
  .text              ro code  0x08005210     0x4  startup_stm32f10x_hd.o [1]
  .text              ro code  0x08005214     0x4  startup_stm32f10x_hd.o [1]
  .text              ro code  0x08005218     0x4  startup_stm32f10x_hd.o [1]
  .text              ro code  0x0800521c     0x4  startup_stm32f10x_hd.o [1]
  .text              ro code  0x08005220     0x4  startup_stm32f10x_hd.o [1]
  .text              ro code  0x08005224     0x4  startup_stm32f10x_hd.o [1]
  .text              ro code  0x08005228     0x4  startup_stm32f10x_hd.o [1]
  .text              ro code  0x0800522c     0x4  startup_stm32f10x_hd.o [1]
  .text              ro code  0x08005230     0x4  startup_stm32f10x_hd.o [1]
  .text              ro code  0x08005234     0x4  startup_stm32f10x_hd.o [1]
  .text              ro code  0x08005238     0x4  startup_stm32f10x_hd.o [1]
  .text              ro code  0x0800523c     0x4  startup_stm32f10x_hd.o [1]
  .text              ro code  0x08005240     0x4  startup_stm32f10x_hd.o [1]
  .text              ro code  0x08005244     0x4  startup_stm32f10x_hd.o [1]
  .text              ro code  0x08005248     0x4  startup_stm32f10x_hd.o [1]
  .text              ro code  0x0800524c     0x4  startup_stm32f10x_hd.o [1]
  .text              ro code  0x08005250     0x4  startup_stm32f10x_hd.o [1]
  .text              ro code  0x08005254     0x4  startup_stm32f10x_hd.o [1]
  .text              ro code  0x08005258     0x4  startup_stm32f10x_hd.o [1]
  .text              ro code  0x0800525c     0x4  startup_stm32f10x_hd.o [1]
  .text              ro code  0x08005260     0x4  startup_stm32f10x_hd.o [1]
  .text              ro code  0x08005264     0x4  startup_stm32f10x_hd.o [1]
  .text              ro code  0x08005268     0x4  startup_stm32f10x_hd.o [1]
  .text              ro code  0x0800526c     0x4  startup_stm32f10x_hd.o [1]
  .text              ro code  0x08005270     0x4  startup_stm32f10x_hd.o [1]
  .text              ro code  0x08005274     0x4  startup_stm32f10x_hd.o [1]
  .text              ro code  0x08005278     0x4  startup_stm32f10x_hd.o [1]
  .text              ro code  0x0800527c     0x4  startup_stm32f10x_hd.o [1]
  .text              ro code  0x08005280     0x4  startup_stm32f10x_hd.o [1]
  .text              ro code  0x08005284     0x4  startup_stm32f10x_hd.o [1]
  .text              ro code  0x08005288     0x4  startup_stm32f10x_hd.o [1]
  .text              ro code  0x0800528c     0x4  startup_stm32f10x_hd.o [1]
  .text              ro code  0x08005290     0x4  startup_stm32f10x_hd.o [1]
  .text              ro code  0x08005294     0x4  startup_stm32f10x_hd.o [1]
  .text              ro code  0x08005298     0x4  startup_stm32f10x_hd.o [1]
  .text              ro code  0x0800529c     0x4  startup_stm32f10x_hd.o [1]
  .text              ro code  0x080052a0     0x4  startup_stm32f10x_hd.o [1]
  .text              ro code  0x080052a4     0x4  startup_stm32f10x_hd.o [1]
  .text              ro code  0x080052a8     0x4  startup_stm32f10x_hd.o [1]
  .rodata            const    0x080052ac     0x0  zero_init3.o [5]
  .rodata            const    0x080052ac     0x0  packbits_init_single.o [5]
  Initializer bytes  const    0x080052ac    0x7d  <for P2-1>
                            - 0x08005329  0x51f9

"P2", part 1 of 3:                          0xa6
  P2-1                        0x20000000    0xa6  <Init block>
    .data            inited   0x20000000     0x4  PID.o [1]
    .data            inited   0x20000004     0x4  port.o [1]
    .data            inited   0x20000008    0x10  stm32f10x_rcc.o [1]
    .data            inited   0x20000018     0x4  stm32f10x_rcc.o [1]
    .data            inited   0x2000001c     0x4  system_stm32f10x.o [1]
    .data            inited   0x20000020    0x48  xfiles.o [3]
    .data            inited   0x20000068    0x38  xlocale_c.o [3]
    .data            inited   0x200000a0     0x2  PID.o [1]
    .data            inited   0x200000a2     0x2  PID.o [1]
    .data            inited   0x200000a4     0x2  PID.o [1]
                            - 0x200000a6    0xa6

"P2", part 2 of 3:                        0x3dcc
  .bss               zero     0x200000a8  0x3c00  heap_4.o [1]
  .bss               zero     0x20003ca8    0x64  tasks.o [1]
  .bss               zero     0x20003d0c    0x50  xfiles.o [3]
  .bss               zero     0x20003d5c    0x1c  PID.o [1]
  .bss               zero     0x20003d78    0x14  tasks.o [1]
  .bss               zero     0x20003d8c    0x14  tasks.o [1]
  .bss               zero     0x20003da0    0x14  tasks.o [1]
  .bss               zero     0x20003db4    0x14  tasks.o [1]
  .bss               zero     0x20003dc8    0x14  tasks.o [1]
  .bss               zero     0x20003ddc     0x8  app_task.o [1]
  .bss               zero     0x20003de4     0x8  heap_4.o [1]
  .bss               zero     0x20003dec     0x4  app_task.o [1]
  .bss               zero     0x20003df0     0x4  app_task.o [1]
  .bss               zero     0x20003df4     0x4  app_task.o [1]
  .bss               zero     0x20003df8     0x4  app_task.o [1]
  .bss               zero     0x20003dfc     0x4  app_task.o [1]
  .bss               zero     0x20003e00     0x4  app_task.o [1]
  .bss               zero     0x20003e04     0x4  app_task.o [1]
  .bss               zero     0x20003e08     0x4  heap_4.o [1]
  .bss               zero     0x20003e0c     0x4  heap_4.o [1]
  .bss               zero     0x20003e10     0x4  heap_4.o [1]
  .bss               zero     0x20003e14     0x4  heap_4.o [1]
  .bss               zero     0x20003e18     0x4  main.o [1]
  .bss               zero     0x20003e1c     0x4  PID.o [1]
  .bss               zero     0x20003e20     0x4  PID.o [1]
  .bss               zero     0x20003e24     0x4  port.o [1]
  .bss               zero     0x20003e28     0x4  tasks.o [1]
  .bss               zero     0x20003e2c     0x4  tasks.o [1]
  .bss               zero     0x20003e30     0x4  tasks.o [1]
  .bss               zero     0x20003e34     0x4  tasks.o [1]
  .bss               zero     0x20003e38     0x4  tasks.o [1]
  .bss               zero     0x20003e3c     0x4  tasks.o [1]
  .bss               zero     0x20003e40     0x4  tasks.o [1]
  .bss               zero     0x20003e44     0x4  tasks.o [1]
  .bss               zero     0x20003e48     0x4  tasks.o [1]
  .bss               zero     0x20003e4c     0x4  tasks.o [1]
  .bss               zero     0x20003e50     0x4  tasks.o [1]
  .bss               zero     0x20003e54     0x4  tasks.o [1]
  .bss               zero     0x20003e58     0x4  tasks.o [1]
  .bss               zero     0x20003e5c     0x4  tasks.o [1]
  .bss               zero     0x20003e60     0x4  tasks.o [1]
  .bss               zero     0x20003e64     0x4  xfail_s.o [3]
  .bss               zero     0x20003e68     0x2  app_task.o [1]
  .bss               zero     0x20003e6a     0x2  app_task.o [1]
  .bss               zero     0x20003e6c     0x1  app_task.o [1]
  .bss               zero     0x20003e6d     0x1  can.o [1]
  .bss               zero     0x20003e6e     0x1  can.o [1]
  .bss               zero     0x20003e6f     0x1  CSB.o [1]
  .bss               zero     0x20003e70     0x1  PID.o [1]
  .bss               zero     0x20003e71     0x1  port.o [1]
                            - 0x20003e72  0x3dca

"P2", part 3 of 3:                         0x800
  CSTACK                      0x20003e78   0x800  <Block>
    CSTACK           uninit   0x20003e78   0x800  <Block tail>
                            - 0x20004678   0x800


*******************************************************************************
*** INIT TABLE
***

          Address     Size
          -------     ----
Zero (__iar_zero_init3)
    1 destination range, total size 0x3dca:
          0x200000a8  0x3dca

Copy/packbits (__iar_packbits_init_single3)
    1 source range, total size 0x7d (75% of destination):
          0x080052ac    0x7d
    1 destination range, total size 0xa6:
          0x20000000    0xa6



*******************************************************************************
*** MODULE SUMMARY
***

    Module                  ro code  ro data  rw data
    ------                  -------  -------  -------
C:\Users\Administrator\Desktop\cutting_table_profiling\CTP_STM32F103RC_FOS£¨IAR£©\Debug\Obj: [1]
    CSB.o                       976                 1
    PID.o                       440       20       47
    adc.o                       236
    app_task.o                  576      124       41
    bsp.o                       332
    can.o                       456                 2
    heap_4.o                    604        4   15 384
    list.o                      152
    main.o                      264       32        4
    misc.o                      128
    port.o                      412        3        9
    portasm.o                   136
    queue.o                   1 304
    startup_stm32f10x_hd.o      556
    stm32f10x_adc.o             512
    stm32f10x_can.o           1 276
    stm32f10x_gpio.o            376
    stm32f10x_it.o               12
    stm32f10x_rcc.o             368       15       20
    stm32f10x_tim.o           1 172
    stm32f10x_usart.o           334
    system_stm32f10x.o          344        3        4
    tasks.o                   2 176        8      260
    timer.o                     428
    usart.o                     216
    -------------------------------------------------
    Total:                   13 786      209   15 772

command line: [2]
    -------------------------------------------------
    Total:

dl7M_tlf.a: [3]
    abort.o                       6
    abs.o                         8
    exit.o                        4
    low_level_init.o              4
    printf.o                     40
    putchar.o                    12
    xfail_s.o                    68                 4
    xfiles.o                              54      152
    xlocale_c.o                   8       46       56
    xprintflarge_nomb.o       3 158
    xprout.o                     22
    -------------------------------------------------
    Total:                    3 330      100      212

m7M_tl.a: [4]
    DblAdd.o                    376
    DblCmpLe.o                   46
    DblDiv.o                    582
    DblMul.o                    418
    DblSub.o                    226
    DblToFlt.o                  104
    DblToU32.o                   40
    FltAdd.o                    226
    FltCmpGe.o                   36
    FltCmpLe.o                   36
    FltDiv.o                    252
    FltMul.o                    216
    FltSub.o                    128
    FltToDbl.o                   72
    FltToS32.o                   42
    FltToU32.o                   34
    U32ToDbl.o                   26
    U32ToFlt.o                   28
    frexp.o                     112
    -------------------------------------------------
    Total:                    3 000

rt7M_tl.a: [5]
    ABImemcpy.o                 166
    I64DivMod.o                 238
    I64DivZer.o                   2
    cexit.o                      10
    cmain.o                      26
    cstartup_M.o                 12
    data_init.o                  40
    memchr.o                     88
    packbits_init_single.o       56
    strchr.o                     22
    strlen.o                     54
    zero_init3.o                 64
    -------------------------------------------------
    Total:                      778

shb_l.a: [6]
    exit.o                       20
    -------------------------------------------------
    Total:                       20

    Gaps                         34
    Linker created                        32    2 048
-----------------------------------------------------
    Grand Total:             20 948      341   18 032


*******************************************************************************
*** ENTRY LIST
***

Entry                      Address    Size  Type      Object
-----                      -------    ----  ----      ------
.iar.init_table$$Base   0x08005070           --   Gb  - Linker created -
.iar.init_table$$Limit  0x08005090           --   Gb  - Linker created -
?main                   0x080050cd          Code  Gb  cmain.o [5]
ADCPrescTable           0x20000018     0x4  Data  Lc  stm32f10x_rcc.o [1]
ADC_Cmd                 0x080047ef    0x1a  Code  Gb  stm32f10x_adc.o [1]
ADC_DeInit              0x08004749    0x5c  Code  Gb  stm32f10x_adc.o [1]
ADC_GetCalibrationStatus
                        0x0800482f    0x12  Code  Gb  stm32f10x_adc.o [1]
ADC_GetConversionValue  0x0800491b     0x6  Code  Gb  stm32f10x_adc.o [1]
ADC_GetFlagStatus       0x08004935    0x14  Code  Gb  stm32f10x_adc.o [1]
ADC_GetResetCalibrationStatus
                        0x08004813    0x12  Code  Gb  stm32f10x_adc.o [1]
ADC_Init                0x080047a5    0x4a  Code  Gb  stm32f10x_adc.o [1]
ADC_RegularChannelConfig
                        0x0800485b    0xc0  Code  Gb  stm32f10x_adc.o [1]
ADC_ResetCalibration    0x08004809     0xa  Code  Gb  stm32f10x_adc.o [1]
ADC_SoftwareStartConvCmd
                        0x08004841    0x1a  Code  Gb  stm32f10x_adc.o [1]
ADC_StartCalibration    0x08004825     0xa  Code  Gb  stm32f10x_adc.o [1]
APBAHBPrescTable        0x20000008    0x10  Data  Lc  stm32f10x_rcc.o [1]
Adc_Init                0x080042dd    0x84  Code  Gb  adc.o [1]
AppTaskCreate           0x08004e4b    0x58  Code  Gb  main.o [1]
BSP_Initializes         0x08004d61    0x10  Code  Gb  bsp.o [1]
BusFault_Handler        0x0800515f     0x2  Code  Gb  stm32f10x_it.o [1]
CAN_FilterInit          0x08002b1b   0x112  Code  Gb  stm32f10x_can.o [1]
CAN_Init                0x08002a11   0x10a  Code  Gb  stm32f10x_can.o [1]
CAN_MessagePending      0x08002eb7    0x24  Code  Gb  stm32f10x_can.o [1]
CAN_Mode_Init           0x08004581    0xd8  Code  Gb  can.o [1]
CAN_Receive             0x08002dcf    0xe8  Code  Gb  stm32f10x_can.o [1]
CAN_Transmit            0x08002c2d   0x11e  Code  Gb  stm32f10x_can.o [1]
CAN_TransmitStatus      0x08002d4b    0x84  Code  Gb  stm32f10x_can.o [1]
CSTACK$$Base            0x20003e78           --   Gb  - Linker created -
CSTACK$$Limit           0x20004678           --   Gb  - Linker created -
Can_Receive_Msg         0x080046cf    0x62  Code  Gb  can.o [1]
Can_Receive_flag        0x20003e6c     0x1  Data  Gb  app_task.o [1]
Can_Send_Msg            0x08004659    0x76  Code  Gb  can.o [1]
ConfigInit              0x08004e0d    0x3e  Code  Gb  main.o [1]
D_set                   0x200000a4     0x2  Data  Gb  PID.o [1]
DebugMon_Handler        0x08005163     0x2  Code  Gb  stm32f10x_it.o [1]
GPIO_Basic_Configuration
                        0x08004c4d    0xb8  Code  Gb  bsp.o [1]
GPIO_Init               0x080038e1    0xc4  Code  Gb  stm32f10x_gpio.o [1]
GPIO_PinRemapConfig     0x080039c5    0x8a  Code  Gb  stm32f10x_gpio.o [1]
GPIO_ReadInputDataBit   0x080039a5    0x14  Code  Gb  stm32f10x_gpio.o [1]
GPIO_ResetBits          0x080039bf     0x6  Code  Gb  stm32f10x_gpio.o [1]
GPIO_SetBits            0x080039b9     0x6  Code  Gb  stm32f10x_gpio.o [1]
Get_Adc                 0x08004361    0x2c  Code  Gb  adc.o [1]
Get_Adc_Average         0x08004395    0x34  Code  Gb  adc.o [1]
HQueue                  0x20003e18     0x4  Data  Gb  main.o [1]
HardFault_Handler       0x0800515b     0x2  Code  Gb  stm32f10x_it.o [1]
I_set                   0x200000a2     0x2  Data  Gb  PID.o [1]
LoadInt                 0x080002c7    0x7a  Code  Lc  xprintflarge_nomb.o [3]
MemManage_Handler       0x0800515d     0x2  Code  Gb  stm32f10x_it.o [1]
NMI_Handler             0x08005159     0x2  Code  Gb  stm32f10x_it.o [1]
NVIC_Configuration      0x08004d19    0x48  Code  Gb  bsp.o [1]
NVIC_Init               0x08004d7b    0x60  Code  Gb  misc.o [1]
NVIC_PriorityGroupConfig
                        0x08004d71     0xa  Code  Gb  misc.o [1]
PIDCalc                 0x080043c9    0xd0  Code  Gb  PID.o [1]
PIDRun                  0x08004499    0xb4  Code  Gb  PID.o [1]
P_set                   0x200000a0     0x2  Data  Gb  PID.o [1]
PendSV_Handler          0x08002471          Code  Gb  portasm.o [1]
RCC_ADCCLKConfig        0x080033a1    0x12  Code  Gb  stm32f10x_rcc.o [1]
RCC_APB1PeriphClockCmd  0x0800348d    0x20  Code  Gb  stm32f10x_rcc.o [1]
RCC_APB1PeriphResetCmd  0x080034cd    0x20  Code  Gb  stm32f10x_rcc.o [1]
RCC_APB2PeriphClockCmd  0x0800346d    0x20  Code  Gb  stm32f10x_rcc.o [1]
RCC_APB2PeriphResetCmd  0x080034ad    0x20  Code  Gb  stm32f10x_rcc.o [1]
RCC_Configuration       0x08004c25    0x28  Code  Gb  bsp.o [1]
RCC_GetClocksFreq       0x080033b3    0xba  Code  Gb  stm32f10x_rcc.o [1]
Region$$Table$$Base     0x08005070           --   Gb  - Linker created -
Region$$Table$$Limit    0x08005090           --   Gb  - Linker created -
SVC_Handler             0x080024b7          Code  Gb  portasm.o [1]
SetSysClock             0x080049d1     0x8  Code  Lc  system_stm32f10x.o [1]
SetSysClockTo72         0x080049d9    0xe0  Code  Lc  system_stm32f10x.o [1]
SysInit                 0x08004df1    0x1c  Code  Gb  main.o [1]
SysTick_Handler         0x08002413    0x28  Code  Gb  port.o [1]
SystemCoreClock         0x2000001c     0x4  Data  Gb  system_stm32f10x.o [1]
SystemInit              0x0800497d    0x54  Code  Gb  system_stm32f10x.o [1]
TIM2_IRQHandler         0x08003bc9    0x22  Code  Gb  timer.o [1]
TIM3_PWM_Config         0x08003b2b    0x9e  Code  Gb  timer.o [1]
TIMDelay_N10us          0x08003add    0x36  Code  Gb  timer.o [1]
TIMDelay_Nms            0x08003b13    0x18  Code  Gb  timer.o [1]
TIMER_Initializes       0x08003a59    0x3e  Code  Gb  timer.o [1]
TIM_ARRPreloadConfig    0x080032cf    0x1c  Code  Gb  stm32f10x_tim.o [1]
TIM_ClearFlag           0x08003327     0x8  Code  Gb  stm32f10x_tim.o [1]
TIM_ClearITPendingBit   0x08003353     0x8  Code  Gb  stm32f10x_tim.o [1]
TIM_Cmd                 0x0800329b    0x1c  Code  Gb  stm32f10x_tim.o [1]
TIM_DeInit              0x08002f0d   0x1de  Code  Gb  stm32f10x_tim.o [1]
TIM_GetFlagStatus       0x08003315    0x12  Code  Gb  stm32f10x_tim.o [1]
TIM_GetITStatus         0x0800332f    0x24  Code  Gb  stm32f10x_tim.o [1]
TIM_ITConfig            0x080032b7    0x18  Code  Gb  stm32f10x_tim.o [1]
TIM_OC1Init             0x0800317d    0x94  Code  Gb  stm32f10x_tim.o [1]
TIM_OC1PreloadConfig    0x080032eb    0x10  Code  Gb  stm32f10x_tim.o [1]
TIM_OC2Init             0x08003211    0x8a  Code  Gb  stm32f10x_tim.o [1]
TIM_OC2PreloadConfig    0x080032fb    0x12  Code  Gb  stm32f10x_tim.o [1]
TIM_SetCompare1         0x0800330d     0x4  Code  Gb  stm32f10x_tim.o [1]
TIM_SetCompare2         0x08003311     0x4  Code  Gb  stm32f10x_tim.o [1]
TIM_TimeBaseInit        0x080030eb    0x92  Code  Gb  stm32f10x_tim.o [1]
Task_Communication      0x08004097    0x54  Code  Gb  app_task.o [1]
Task_Control            0x08003fe9    0xae  Code  Gb  app_task.o [1]
Task_Inquiry            0x080040eb    0x1c  Code  Gb  app_task.o [1]
Task_Measure            0x08003f31    0xb8  Code  Gb  app_task.o [1]
Tim2_Init               0x08003a97    0x46  Code  Gb  timer.o [1]
USART1_SendByte         0x08004f8d    0x2a  Code  Gb  usart.o [1]
USART_Cmd               0x08004b95    0x1c  Code  Gb  stm32f10x_usart.o [1]
USART_Configuration     0x08004f39    0x48  Code  Gb  usart.o [1]
USART_GPIO_Configuration
                        0x08004ef9    0x40  Code  Gb  usart.o [1]
USART_GetFlagStatus     0x08004c0b    0x18  Code  Gb  stm32f10x_usart.o [1]
USART_ITConfig          0x08004bb1    0x52  Code  Gb  stm32f10x_usart.o [1]
USART_Init              0x08004ad5    0xba  Code  Gb  stm32f10x_usart.o [1]
USART_Initializes       0x08004f81     0xc  Code  Gb  usart.o [1]
USART_SendData          0x08004c03     0x8  Code  Gb  stm32f10x_usart.o [1]
UsageFault_Handler      0x08005161     0x2  Code  Gb  stm32f10x_it.o [1]
_GenldLargeNoMb         0x08000a8d   0x266  Code  Lc  xprintflarge_nomb.o [3]
_LdtobLargeNoMb         0x08000807   0x260  Code  Lc  xprintflarge_nomb.o [3]
_LitobLargeNoMb         0x080006ab   0x116  Code  Lc  xprintflarge_nomb.o [3]
_Locale_lconv           0x20000068    0x38  Data  Lc  xlocale_c.o [3]
_PrintfLargeNoMb        0x08000131   0x190  Code  Gb  xprintflarge_nomb.o [3]
_Prout                  0x080050fb    0x16  Code  Gb  xprout.o [3]
_PutcharsLargeNoMb      0x08000cf3    0x2e  Code  Lc  xprintflarge_nomb.o [3]
_PutfldLargeNoMb        0x08000341   0x25c  Code  Lc  xprintflarge_nomb.o [3]
_PuttxtLargeNoMb        0x0800059d   0x10e  Code  Lc  xprintflarge_nomb.o [3]
__aeabi_cdcmple         0x08001221          Code  Gb  DblCmpLe.o [4]
__aeabi_cfcmple         0x08003e8d          Code  Gb  FltCmpLe.o [4]
__aeabi_cfrcmple        0x08003e4d          Code  Gb  FltCmpGe.o [4]
__aeabi_d2f             0x08003c05          Code  Gb  DblToFlt.o [4]
__aeabi_d2uiz           0x08001499          Code  Gb  DblToU32.o [4]
__aeabi_dadd            0x080015d5          Code  Gb  DblAdd.o [4]
__aeabi_ddiv            0x08001251          Code  Gb  DblDiv.o [4]
__aeabi_dmul            0x08000f65          Code  Gb  DblMul.o [4]
__aeabi_dsub            0x080014dd          Code  Gb  DblSub.o [4]
__aeabi_f2d             0x08004171          Code  Gb  FltToDbl.o [4]
__aeabi_f2iz            0x08004949          Code  Gb  FltToS32.o [4]
__aeabi_f2uiz           0x080042b9          Code  Gb  FltToU32.o [4]
__aeabi_fadd            0x08003c6d          Code  Gb  FltAdd.o [4]
__aeabi_fdiv            0x08003d51          Code  Gb  FltDiv.o [4]
__aeabi_fmul            0x080041e1          Code  Gb  FltMul.o [4]
__aeabi_fsub            0x08003eb1          Code  Gb  FltSub.o [4]
__aeabi_ldiv0           0x080015d1          Code  Gb  I64DivZer.o [5]
__aeabi_memcpy          0x08001109          Code  Gb  ABImemcpy.o [5]
__aeabi_memcpy4         0x08001129          Code  Gb  ABImemcpy.o [5]
__aeabi_memcpy8         0x08001129          Code  Gb  ABImemcpy.o [5]
__aeabi_ui2d            0x080014c1          Code  Gb  U32ToDbl.o [4]
__aeabi_ui2f            0x08003e71          Code  Gb  U32ToFlt.o [4]
__aeabi_uldivmod        0x08000e75          Code  Gb  I64DivMod.o [5]
__cmain                 0x080050cd          Code  Gb  cmain.o [5]
__exit                  0x0800174d    0x14  Code  Gb  exit.o [6]
__iar_Fail_s            0x08000da1    0x1e  Code  Gb  xfail_s.o [3]
__iar_Memchr            0x08000e1d          Code  Gb  memchr.o [5]
__iar_Stdout            0x20000020    0x48  Data  Gb  xfiles.o [3]
__iar_Strchr            0x08000d89          Code  Gb  strchr.o [5]
__iar_dadd              0x080014ed          Code  Gb  DblSub.o [4]
__iar_data_init3        0x08005049    0x28  Code  Gb  data_init.o [5]
__iar_dsub              0x080015e5          Code  Gb  DblAdd.o [4]
__iar_dsubStart         0x080015f7          Code  Gb  DblAdd.o [4]
__iar_fadd              0x08003ebd          Code  Gb  FltSub.o [4]
__iar_frexp             0x080011bd          Code  Gb  frexp.o [4]
__iar_frexp64           0x080011b1          Code  Gb  frexp.o [4]
__iar_frexpl            0x080011bd          Code  Gb  frexp.o [4]
__iar_fsub              0x08003c79          Code  Gb  FltAdd.o [4]
__iar_fsubStart         0x08003c89          Code  Gb  FltAdd.o [4]
__iar_packbits_init_single3
                        0x08005011    0x38  Code  Gb  packbits_init_single.o [5]
__iar_program_start     0x08005165          Code  Gb  cstartup_M.o [5]
__iar_systems$$module {Abs}
                        0x00000001          Data  Gb  command line/config [2]
__iar_zero_init3        0x08004fd1    0x40  Code  Gb  zero_init3.o [5]
__low_level_init        0x080050e7     0x4  Code  Gb  low_level_init.o [3]
__vector_table          0x08000000          Data  Gb  startup_stm32f10x_hd.o [1]
_call_main              0x080050d9          Code  Gb  cmain.o [5]
_exit                   0x080050f1          Code  Gb  cexit.o [5]
_main                   0x080050e3          Code  Gb  cmain.o [5]
abort                   0x080015c9     0x6  Code  Gb  abort.o [3]
abs                     0x08004973     0x8  Code  Gb  abs.o [3]
auto_control            0x20003e6e     0x1  Data  Gb  can.o [1]
count                   0x20003e68     0x2  Data  Gb  app_task.o [1]
dist_abs                0x20003e70     0x1  Data  Gb  PID.o [1]
duty                    0x20003e20     0x4  Data  Gb  PID.o [1]
exit                    0x080050eb     0x4  Code  Gb  exit.o [3]
flagDown                0x20003df0     0x4  Data  Gb  app_task.o [1]
flagRun                 0x20003df4     0x4  Data  Gb  app_task.o [1]
flagUp                  0x20003dec     0x4  Data  Gb  app_task.o [1]
fout                    0x20003e1c     0x4  Data  Gb  PID.o [1]
fputc                   0x08004fb7    0x10  Code  Gb  usart.o [1]
frexp                   0x080011b1          Code  Gb  frexp.o [4]
frexpl                  0x080011b1          Code  Gb  frexp.o [4]
get_getai_height2       0x08003511   0x35a  Code  Gb  CSB.o [1]
getai_height            0x20003df8     0x4  Data  Gb  app_task.o [1]
getai_height2           0x20003dfc     0x4  Data  Gb  app_task.o [1]
getai_mm                0x20003e6a     0x2  Data  Gb  app_task.o [1]
isJam                   0x20003e6f     0x1  Data  Gb  CSB.o [1]
localeconv              0x080015c1     0x4  Code  Gb  xlocale_c.o [3]
main                    0x08004ea3    0x24  Code  Gb  main.o [1]
memchr                  0x08000e1d          Code  Gb  memchr.o [5]
obuf                    0x20003d0c    0x50  Data  Lc  xfiles.o [3]
printf                  0x080041b9    0x28  Code  Gb  printf.o [3]
prvAddCurrentTaskToDelayedList
                        0x08001f25    0x7c  Code  Lc  tasks.o [1]
prvAddNewTaskToReadyList
                        0x0800186d    0xba  Code  Lc  tasks.o [1]
prvCheckTasksWaitingTermination
                        0x08001e61    0x64  Code  Lc  tasks.o [1]
prvCopyDataFromQueue    0x0800293f    0x2a  Code  Lc  queue.o [1]
prvCopyDataToQueue      0x080028cd    0x72  Code  Lc  queue.o [1]
prvDeleteTCB            0x08001ec9    0x12  Code  Lc  tasks.o [1]
prvHeapInit             0x08002165    0x62  Code  Lc  heap_4.o [1]
prvIdleTask             0x08001de1    0x22  Code  Lc  tasks.o [1]
prvInitialiseNewQueue   0x080025d9    0x1c  Code  Lc  queue.o [1]
prvInitialiseNewTask    0x080017cb    0xa2  Code  Lc  tasks.o [1]
prvInitialiseTaskLists  0x08001e05    0x58  Code  Lc  tasks.o [1]
prvInsertBlockIntoFreeList
                        0x080021c7    0x58  Code  Lc  heap_4.o [1]
prvIsQueueEmpty         0x080029d7    0x1c  Code  Lc  queue.o [1]
prvIsQueueFull          0x080029f3    0x1e  Code  Lc  queue.o [1]
prvResetNextTaskUnblockTime
                        0x08001edb    0x2c  Code  Lc  tasks.o [1]
prvTaskExitError        0x080022f5    0x2a  Code  Lc  port.o [1]
prvUnlockQueue          0x08002969    0x6e  Code  Lc  queue.o [1]
putchar                 0x08005111     0xc  Code  Gb  putchar.o [3]
pvPortMalloc            0x08001fe1   0x10e  Code  Gb  heap_4.o [1]
pxCurrentTCB            0x20003e28     0x4  Data  Gb  tasks.o [1]
pxDelayedTaskList       0x20003e2c     0x4  Data  Lc  tasks.o [1]
pxEnd                   0x20003e08     0x4  Data  Lc  heap_4.o [1]
pxOverflowDelayedTaskList
                        0x20003e30     0x4  Data  Lc  tasks.o [1]
pxPortInitialiseStack   0x080022d5    0x20  Code  Gb  port.o [1]
pxReadyTasksLists       0x20003ca8    0x64  Data  Lc  tasks.o [1]
reset_height            0x20003e6d     0x1  Data  Gb  can.o [1]
scale                   0x080007c1    0x46  Code  Lc  xprintflarge_nomb.o [3]
sec_hand                0x20003e64     0x4  Data  Lc  xfail_s.o [3]
sendbuf                 0x20003ddc     0x8  Data  Gb  app_task.o [1]
set_height              0x20000000     0x4  Data  Gb  PID.o [1]
sort                    0x0800386b    0x54  Code  Gb  CSB.o [1]
stPID                   0x20003d5c    0x1c  Data  Gb  PID.o [1]
strchr                  0x08000d89          Code  Gb  strchr.o [5]
strlen                  0x08000de5          Code  Gb  strlen.o [5]
ucHeap                  0x200000a8  0x3c00  Data  Lc  heap_4.o [1]
ucMaxSysCallPriority    0x20003e71     0x1  Data  Lc  port.o [1]
ulMaxPRIGROUPValue      0x20003e24     0x4  Data  Lc  port.o [1]
uxCriticalNesting       0x20000004     0x4  Data  Lc  port.o [1]
uxCurrentNumberOfTasks  0x20003e38     0x4  Data  Lc  tasks.o [1]
uxDeletedTasksWaitingCleanUp
                        0x20003e34     0x4  Data  Lc  tasks.o [1]
uxListRemove            0x080022af    0x26  Code  Gb  list.o [1]
uxPendedTicks           0x20003e48     0x4  Data  Lc  tasks.o [1]
uxSchedulerSuspended    0x20003e60     0x4  Data  Lc  tasks.o [1]
uxTaskNumber            0x20003e54     0x4  Data  Lc  tasks.o [1]
uxTopReadyPriority      0x20003e40     0x4  Data  Lc  tasks.o [1]
vListInitialise         0x0800223d    0x1e  Code  Gb  list.o [1]
vListInitialiseItem     0x0800225b     0x6  Code  Gb  list.o [1]
vListInsert             0x08002279    0x36  Code  Gb  list.o [1]
vListInsertEnd          0x08002261    0x18  Code  Gb  list.o [1]
vPortEnterCritical      0x080023a7    0x3a  Code  Gb  port.o [1]
vPortExitCritical       0x080023e1    0x32  Code  Gb  port.o [1]
vPortFree               0x080020ef    0x76  Code  Gb  heap_4.o [1]
vPortStartFirstTask     0x080024d7          Code  Gb  portasm.o [1]
vTaskDelay              0x08001927    0x4c  Code  Gb  tasks.o [1]
vTaskMissedYield        0x08001dd5     0xa  Code  Gb  tasks.o [1]
vTaskPlaceOnEventList   0x08001c6b    0x2e  Code  Gb  tasks.o [1]
vTaskSetTimeOutState    0x08001d21    0x26  Code  Gb  tasks.o [1]
vTaskStartScheduler     0x08001973    0x66  Code  Gb  tasks.o [1]
vTaskSuspendAll         0x080019d9    0x10  Code  Gb  tasks.o [1]
vTaskSwitchContext      0x08001bfd    0x6e  Code  Gb  tasks.o [1]
voltage1                0x20003e04     0x4  Data  Gb  app_task.o [1]
voltage1_value          0x20003e00     0x4  Data  Gb  app_task.o [1]
xBlockAllocatedBit      0x20003e14     0x4  Data  Lc  heap_4.o [1]
xDelayedTaskList1       0x20003d78    0x14  Data  Lc  tasks.o [1]
xDelayedTaskList2       0x20003d8c    0x14  Data  Lc  tasks.o [1]
xFreeBytesRemaining     0x20003e0c     0x4  Data  Lc  heap_4.o [1]
xHeapStructSize         0x080051b8     0x4  Data  Lc  heap_4.o [1]
xIdleTaskHandle         0x20003e5c     0x4  Data  Lc  tasks.o [1]
xMinimumEverFreeBytesRemaining
                        0x20003e10     0x4  Data  Lc  heap_4.o [1]
xNextTaskUnblockTime    0x20003e58     0x4  Data  Lc  tasks.o [1]
xNumOfOverflows         0x20003e50     0x4  Data  Lc  tasks.o [1]
xPendingReadyList       0x20003da0    0x14  Data  Lc  tasks.o [1]
xPortStartScheduler     0x0800231f    0x88  Code  Gb  port.o [1]
xQueueGenericCreate     0x0800258f    0x4a  Code  Gb  queue.o [1]
xQueueGenericReceive    0x08002761   0x168  Code  Gb  queue.o [1]
xQueueGenericReset      0x080024f9    0x96  Code  Gb  queue.o [1]
xQueueGenericSend       0x080025f5   0x16c  Code  Gb  queue.o [1]
xSchedulerRunning       0x20003e44     0x4  Data  Lc  tasks.o [1]
xStart                  0x20003de4     0x8  Data  Lc  heap_4.o [1]
xSuspendedTaskList      0x20003dc8    0x14  Data  Lc  tasks.o [1]
xTaskCheckForTimeOut    0x08001d55    0x80  Code  Gb  tasks.o [1]
xTaskCreate             0x08001761    0x6a  Code  Gb  tasks.o [1]
xTaskIncrementTick      0x08001ae5   0x118  Code  Gb  tasks.o [1]
xTaskRemoveFromEventList
                        0x08001c99    0x7c  Code  Gb  tasks.o [1]
xTaskResumeAll          0x080019e9    0xfc  Code  Gb  tasks.o [1]
xTasksWaitingTermination
                        0x20003db4    0x14  Data  Lc  tasks.o [1]
xTickCount              0x20003e3c     0x4  Data  Lc  tasks.o [1]
xYieldPending           0x20003e4c     0x4  Data  Lc  tasks.o [1]


[1] = C:\Users\Administrator\Desktop\cutting_table_profiling\CTP_STM32F103RC_FOS£¨IAR£©\Debug\Obj
[2] = command line
[3] = dl7M_tlf.a
[4] = m7M_tl.a
[5] = rt7M_tl.a
[6] = shb_l.a

  20 948 bytes of readonly  code memory
     341 bytes of readonly  data memory
  18 032 bytes of readwrite data memory

Errors: none
Warnings: none
